<html>
<body>
<pre>
<h1>礦ision Build Log</h1>
<h2>Tool Versions:</h2>
IDE-Version: μVision V5.18.0.0
Copyright (C) 2016 ARM Ltd and ARM Germany GmbH. All rights reserved.
License Information: 1 1393745, HP Inc., LIC=8VRJ7-ECACZ-CX9U6-DQNC9-0PQ1G-GCZ7J
 
Tool Versions:
Toolchain:       MDK-ARM Standard  Version: 5.18
Toolchain Path:  D:\Software\Keil5\ARM\ARMCC\Bin
C Compiler:      Armcc.exe V5.06 update 1 (build 61)
Assembler:       Armasm.exe V5.06 update 1 (build 61)
Linker/Locator:  ArmLink.exe V5.06 update 1 (build 61)
Library Manager: ArmAr.exe V5.06 update 1 (build 61)
Hex Converter:   FromElf.exe V5.06 update 1 (build 61)
CPU DLL:         SARMCM3.DLL V5.18
Dialog DLL:      DCM.DLL V1.13.6.0
Target DLL:      STLink\ST-LINKIII-KEIL_SWO.dll V2.0.18.0
Dialog DLL:      TCM.DLL V1.14.8.0
 
<h2>Project:</h2>
E:\作业\03-GPIO-EXIT\MDK-ARM\03-GPIO-EXIT.uvprojx
Project File Date:  10/05/2020

<h2>Output:</h2>
*** Using Compiler 'V5.06 update 1 (build 61)', folder: 'D:\Software\Keil5\ARM\ARMCC\Bin'
Rebuild target '03-GPIO-EXIT'
assembling startup_stm32f405xx.s...
compiling gpio.c...
compiling main.c...
compiling stm32f4xx_hal_msp.c...
compiling stm32f4xx_hal_flash.c...
compiling stm32f4xx_hal_rcc.c...
compiling stm32f4xx_hal_tim_ex.c...
compiling stm32f4xx_it.c...
compiling stm32f4xx_hal_tim.c...
compiling stm32f4xx_hal_flash_ramfunc.c...
compiling stm32f4xx_hal_dma_ex.c...
compiling stm32f4xx_hal_pwr.c...
compiling stm32f4xx_hal_flash_ex.c...
compiling stm32f4xx_hal_dma.c...
compiling stm32f4xx_hal.c...
compiling stm32f4xx_hal_exti.c...
compiling system_stm32f4xx.c...
compiling stm32f4xx_hal_pwr_ex.c...
compiling stm32f4xx_hal_cortex.c...
compiling stm32f4xx_hal_rcc_ex.c...
compiling stm32f4xx_hal_gpio.c...
linking...
Program Size: Code=2902 RO-data=442 RW-data=16 ZI-data=1024  
FromELF: creating hex file...
"03-GPIO-EXIT\03-GPIO-EXIT.axf" - 0 Error(s), 0 Warning(s).

<h2>Software Packages used:</h2>

Package Vendor: ARM
                http://www.keil.com/pack/ARM.CMSIS.4.5.0.pack
                ARM::CMSIS:CORE:4.3.0
                CMSIS (Cortex Microcontroller Software Interface Standard)
   * Component: CORE Version: 4.3.0

<h2>Collection of Component include folders:</h2>
  E:\作业\03-GPIO-EXIT\MDK-ARM\RTE
  D:\Software\Keil5\ARM\PACK\ARM\CMSIS\4.5.0\CMSIS\Include
  D:\Software\Keil5\ARM\PACK\Keil\STM32F4xx_DFP\2.14.0\Drivers\CMSIS\Device\ST\STM32F4xx\Include

<h2>Collection of Component Files used:</h2>

   * Component: ARM::CMSIS:CORE:4.3.0
Build Time Elapsed:  00:00:22
</pre>
</body>
</html>
